D:\s5\web\PROJET CLOUD\app\src\main\java\signalement\app\Models\ReturnMessage.java
D:\s5\web\PROJET CLOUD\app\src\main\java\signalement\app\Models\Log.java
D:\s5\web\PROJET CLOUD\app\src\main\java\signalement\app\Models\TypeSignalement.java
D:\s5\web\PROJET CLOUD\app\src\main\java\signalement\app\AppApplication.java
D:\s5\web\PROJET CLOUD\app\src\main\java\signalement\app\Models\AppUser.java
D:\s5\web\PROJET CLOUD\app\src\main\java\signalement\app\Models\Stat.java
D:\s5\web\PROJET CLOUD\app\src\main\java\signalement\app\helper\FileUploadHelper.java
D:\s5\web\PROJET CLOUD\app\src\main\java\signalement\app\Models\Admin.java
D:\s5\web\PROJET CLOUD\app\src\main\java\signalement\app\Models\Signalement.java
D:\s5\web\PROJET CLOUD\app\src\main\java\signalement\app\controller\MainController.java
D:\s5\web\PROJET CLOUD\app\src\main\java\signalement\app\Models\UserNotification.java
D:\s5\web\PROJET CLOUD\app\src\main\java\signalement\app\Models\ImageSignalement.java
D:\s5\web\PROJET CLOUD\app\src\main\java\signalement\app\Models\Fonctions.java
D:\s5\web\PROJET CLOUD\app\src\main\java\signalement\app\Models\NewSignalement.java
D:\s5\web\PROJET CLOUD\app\src\main\java\signalement\app\Models\SuperAdmin.java
D:\s5\web\PROJET CLOUD\app\src\main\java\signalement\app\Models\Affectation.java
D:\s5\web\PROJET CLOUD\app\src\main\java\signalement\app\Models\UserTokenRepository.java
D:\s5\web\PROJET CLOUD\app\src\main\java\signalement\app\Models\Termine.java
D:\s5\web\PROJET CLOUD\app\src\main\java\signalement\app\Models\EnCours.java
D:\s5\web\PROJET CLOUD\app\src\main\java\signalement\app\Models\UserToken.java
D:\s5\web\PROJET CLOUD\app\src\main\java\signalement\app\Models\Test.java
D:\s5\web\PROJET CLOUD\app\src\main\java\signalement\app\Models\Region.java
